#-----------------------------------------------------------
# Vivado v2024.2 (64-bit)
# SW Build 5239630 on Fri Nov 08 22:35:27 MST 2024
# IP Build 5239520 on Sun Nov 10 16:12:51 MST 2024
# SharedData Build 5239561 on Fri Nov 08 14:39:27 MST 2024
# Start of session at: Tue Jan 20 12:04:27 2026
# Process ID         : 11172
# Current directory  : D:/1-mario/CURSOS ANTERIORES/UNIVERSIDAD CUARTO/SED/Trabajo-SED/VHDL/MAQUINA_EXPENDEDORA
# Command line       : vivado.exe -gui_launcher_event rodinguilauncherevent28404 D:\1-mario\CURSOS ANTERIORES\UNIVERSIDAD CUARTO\SED\Trabajo-SED\VHDL\MAQUINA_EXPENDEDORA\TRABAJO_SED_FINAL.xpr
# Log file           : D:/1-mario/CURSOS ANTERIORES/UNIVERSIDAD CUARTO/SED/Trabajo-SED/VHDL/MAQUINA_EXPENDEDORA/vivado.log
# Journal file       : D:/1-mario/CURSOS ANTERIORES/UNIVERSIDAD CUARTO/SED/Trabajo-SED/VHDL/MAQUINA_EXPENDEDORA\vivado.jou
# Running On         : LAPTOP-IVTTS1CK
# Platform           : Windows Server 2016 or Windows 10
# Operating System   : 26200
# Processor Detail   : Intel(R) Core(TM) i5-8250U CPU @ 1.60GHz
# CPU Frequency      : 1800 MHz
# CPU Physical cores : 4
# CPU Logical cores  : 8
# Host memory        : 12789 MB
# Swap memory        : 5100 MB
# Total Virtual      : 17889 MB
# Available Virtual  : 3635 MB
#-----------------------------------------------------------
start_gui
open_project {D:/1-mario/CURSOS ANTERIORES/UNIVERSIDAD CUARTO/SED/Trabajo-SED/VHDL/MAQUINA_EXPENDEDORA/TRABAJO_SED_FINAL.xpr}
update_compile_order -fileset sources_1
