#-----------------------------------------------------------
# Vivado v2024.1 (64-bit)
# SW Build 5076996 on Wed May 22 18:37:14 MDT 2024
# IP Build 5075265 on Wed May 22 21:45:21 MDT 2024
# SharedData Build 5076995 on Wed May 22 18:29:18 MDT 2024
# Start of session at: Thu Jan  8 15:32:34 2026
# Process ID: 39996
# Current directory: C:/Users/evaba/Downloads/TRABAJO_SED_FINAL_viernes_pruebas
# Command line: vivado.exe -gui_launcher_event rodinguilauncherevent23532 C:\Users\evaba\Downloads\TRABAJO_SED_FINAL_viernes_pruebas\TRABAJO_SED_FINAL.xpr
# Log file: C:/Users/evaba/Downloads/TRABAJO_SED_FINAL_viernes_pruebas/vivado.log
# Journal file: C:/Users/evaba/Downloads/TRABAJO_SED_FINAL_viernes_pruebas\vivado.jou
# Running On        :LAPTOP-C6GR7CLH
# Platform          :Windows Server 2016 or Windows 10
# Operating System  :26100
# Processor Detail  :Intel(R) Core(TM) i5-1035G1 CPU @ 1.00GHz
# CPU Frequency     :1190 MHz
# CPU Physical cores:4
# CPU Logical cores :8
# Host memory       :8375 MB
# Swap memory       :15693 MB
# Total Virtual     :24068 MB
# Available Virtual :8024 MB
#-----------------------------------------------------------
start_gui
open_project C:/Users/evaba/Downloads/TRABAJO_SED_FINAL_viernes_pruebas/TRABAJO_SED_FINAL.xpr
update_compile_order -fileset sources_1
reset_run impl_1
launch_runs impl_1 -jobs 8
wait_on_run impl_1
reset_run impl_1
launch_runs impl_1 -to_step write_bitstream -jobs 8
wait_on_run impl_1
